// Jest Snapshot v1, https://goo.gl/fbAQLP

exports[`ProductTitle should successfully display component, with custom title 1`] = `
<span
  className="productDescription  Custom-class"
>
  Custom product
</span>
`;

exports[`ProductTitle should successfully display component, with custom title by ProdcutCard 1`] = `
<div
  className="productCard  undefined"
>
  <span
    className="productDescription  undefined"
  >
    Coffee Mug - sin Imagen
  </span>
</div>
`;
